Analysis & Synthesis report for A2D_test
Wed Nov 14 11:04:54 2018
Quartus Prime Version 16.0.0 Build 211 04/27/2016 SJ Lite Edition


---------------------
; Table of Contents ;
---------------------
  1. Legal Notice
  2. Analysis & Synthesis Summary
  3. Analysis & Synthesis Settings
  4. Parallel Compilation
  5. Analysis & Synthesis Source Files Read
  6. Analysis & Synthesis Resource Usage Summary
  7. Analysis & Synthesis Resource Utilization by Entity
  8. State Machine - |A2D_test|A2D_intf:iDUT|state
  9. State Machine - |A2D_test|A2D_intf:iDUT|SPI_mstr16:SPI_Interface|state
 10. Registers Removed During Synthesis
 11. General Register Statistics
 12. Inverted Register Statistics
 13. Multiplexer Restructuring Statistics (Restructuring Performed)
 14. Port Connectivity Checks: "A2D_intf:iDUT|SPI_mstr16:SPI_Interface"
 15. Port Connectivity Checks: "A2D_intf:iDUT"
 16. Post-Synthesis Netlist Statistics for Top Partition
 17. Elapsed Time Per Partition
 18. Analysis & Synthesis Messages
 19. Analysis & Synthesis Suppressed Messages



----------------
; Legal Notice ;
----------------
Copyright (C) 1991-2016 Altera Corporation. All rights reserved.
Your use of Altera Corporation's design tools, logic functions 
and other software and tools, and its AMPP partner logic 
functions, and any output files from any of the foregoing 
(including device programming or simulation files), and any 
associated documentation or information are expressly subject 
to the terms and conditions of the Altera Program License 
Subscription Agreement, the Altera Quartus Prime License Agreement,
the Altera MegaCore Function License Agreement, or other 
applicable license agreement, including, without limitation, 
that your use is for the sole purpose of programming logic 
devices manufactured by Altera and sold by Altera or its 
authorized distributors.  Please refer to the applicable 
agreement for further details.



+----------------------------------------------------------------------------------+
; Analysis & Synthesis Summary                                                     ;
+------------------------------------+---------------------------------------------+
; Analysis & Synthesis Status        ; Successful - Wed Nov 14 11:04:54 2018       ;
; Quartus Prime Version              ; 16.0.0 Build 211 04/27/2016 SJ Lite Edition ;
; Revision Name                      ; A2D_test                                    ;
; Top-level Entity Name              ; A2D_test                                    ;
; Family                             ; Cyclone IV E                                ;
; Total logic elements               ; 130                                         ;
;     Total combinational functions  ; 102                                         ;
;     Dedicated logic registers      ; 89                                          ;
; Total registers                    ; 89                                          ;
; Total pins                         ; 15                                          ;
; Total virtual pins                 ; 0                                           ;
; Total memory bits                  ; 0                                           ;
; Embedded Multiplier 9-bit elements ; 0                                           ;
; Total PLLs                         ; 0                                           ;
+------------------------------------+---------------------------------------------+


+----------------------------------------------------------------------------------------------------------------------+
; Analysis & Synthesis Settings                                                                                        ;
+----------------------------------------------------------------------------+--------------------+--------------------+
; Option                                                                     ; Setting            ; Default Value      ;
+----------------------------------------------------------------------------+--------------------+--------------------+
; Device                                                                     ; EP4CE22F17C6       ;                    ;
; Top-level entity name                                                      ; A2D_test           ; A2D_test           ;
; Family name                                                                ; Cyclone IV E       ; Cyclone V          ;
; Use smart compilation                                                      ; Off                ; Off                ;
; Enable parallel Assembler and TimeQuest Timing Analyzer during compilation ; On                 ; On                 ;
; Enable compact report table                                                ; Off                ; Off                ;
; Restructure Multiplexers                                                   ; Auto               ; Auto               ;
; Create Debugging Nodes for IP Cores                                        ; Off                ; Off                ;
; Preserve fewer node names                                                  ; On                 ; On                 ;
; Disable OpenCore Plus hardware evaluation                                  ; Off                ; Off                ;
; Verilog Version                                                            ; Verilog_2001       ; Verilog_2001       ;
; VHDL Version                                                               ; VHDL_1993          ; VHDL_1993          ;
; State Machine Processing                                                   ; Auto               ; Auto               ;
; Safe State Machine                                                         ; Off                ; Off                ;
; Extract Verilog State Machines                                             ; On                 ; On                 ;
; Extract VHDL State Machines                                                ; On                 ; On                 ;
; Ignore Verilog initial constructs                                          ; Off                ; Off                ;
; Iteration limit for constant Verilog loops                                 ; 5000               ; 5000               ;
; Iteration limit for non-constant Verilog loops                             ; 250                ; 250                ;
; Add Pass-Through Logic to Inferred RAMs                                    ; On                 ; On                 ;
; Infer RAMs from Raw Logic                                                  ; On                 ; On                 ;
; Parallel Synthesis                                                         ; On                 ; On                 ;
; DSP Block Balancing                                                        ; Auto               ; Auto               ;
; NOT Gate Push-Back                                                         ; On                 ; On                 ;
; Power-Up Don't Care                                                        ; On                 ; On                 ;
; Remove Redundant Logic Cells                                               ; Off                ; Off                ;
; Remove Duplicate Registers                                                 ; On                 ; On                 ;
; Ignore CARRY Buffers                                                       ; Off                ; Off                ;
; Ignore CASCADE Buffers                                                     ; Off                ; Off                ;
; Ignore GLOBAL Buffers                                                      ; Off                ; Off                ;
; Ignore ROW GLOBAL Buffers                                                  ; Off                ; Off                ;
; Ignore LCELL Buffers                                                       ; Off                ; Off                ;
; Ignore SOFT Buffers                                                        ; On                 ; On                 ;
; Limit AHDL Integers to 32 Bits                                             ; Off                ; Off                ;
; Optimization Technique                                                     ; Balanced           ; Balanced           ;
; Carry Chain Length                                                         ; 70                 ; 70                 ;
; Auto Carry Chains                                                          ; On                 ; On                 ;
; Auto Open-Drain Pins                                                       ; On                 ; On                 ;
; Perform WYSIWYG Primitive Resynthesis                                      ; Off                ; Off                ;
; Auto ROM Replacement                                                       ; On                 ; On                 ;
; Auto RAM Replacement                                                       ; On                 ; On                 ;
; Auto DSP Block Replacement                                                 ; On                 ; On                 ;
; Auto Shift Register Replacement                                            ; Auto               ; Auto               ;
; Allow Shift Register Merging across Hierarchies                            ; Auto               ; Auto               ;
; Auto Clock Enable Replacement                                              ; On                 ; On                 ;
; Strict RAM Replacement                                                     ; Off                ; Off                ;
; Allow Synchronous Control Signals                                          ; On                 ; On                 ;
; Force Use of Synchronous Clear Signals                                     ; Off                ; Off                ;
; Auto RAM Block Balancing                                                   ; On                 ; On                 ;
; Auto RAM to Logic Cell Conversion                                          ; Off                ; Off                ;
; Auto Resource Sharing                                                      ; Off                ; Off                ;
; Allow Any RAM Size For Recognition                                         ; Off                ; Off                ;
; Allow Any ROM Size For Recognition                                         ; Off                ; Off                ;
; Allow Any Shift Register Size For Recognition                              ; Off                ; Off                ;
; Use LogicLock Constraints during Resource Balancing                        ; On                 ; On                 ;
; Ignore translate_off and synthesis_off directives                          ; Off                ; Off                ;
; Timing-Driven Synthesis                                                    ; On                 ; On                 ;
; Report Parameter Settings                                                  ; On                 ; On                 ;
; Report Source Assignments                                                  ; On                 ; On                 ;
; Report Connectivity Checks                                                 ; On                 ; On                 ;
; Ignore Maximum Fan-Out Assignments                                         ; Off                ; Off                ;
; Synchronization Register Chain Length                                      ; 2                  ; 2                  ;
; PowerPlay Power Optimization During Synthesis                              ; Normal compilation ; Normal compilation ;
; HDL message level                                                          ; Level2             ; Level2             ;
; Suppress Register Optimization Related Messages                            ; Off                ; Off                ;
; Number of Removed Registers Reported in Synthesis Report                   ; 5000               ; 5000               ;
; Number of Swept Nodes Reported in Synthesis Report                         ; 5000               ; 5000               ;
; Number of Inverted Registers Reported in Synthesis Report                  ; 100                ; 100                ;
; Clock MUX Protection                                                       ; On                 ; On                 ;
; Auto Gated Clock Conversion                                                ; Off                ; Off                ;
; Block Design Naming                                                        ; Auto               ; Auto               ;
; SDC constraint protection                                                  ; Off                ; Off                ;
; Synthesis Effort                                                           ; Auto               ; Auto               ;
; Shift Register Replacement - Allow Asynchronous Clear Signal               ; On                 ; On                 ;
; Pre-Mapping Resynthesis Optimization                                       ; Off                ; Off                ;
; Analysis & Synthesis Message Level                                         ; Medium             ; Medium             ;
; Disable Register Merging Across Hierarchies                                ; Auto               ; Auto               ;
; Resource Aware Inference For Block RAM                                     ; On                 ; On                 ;
; Synthesis Seed                                                             ; 1                  ; 1                  ;
+----------------------------------------------------------------------------+--------------------+--------------------+


Parallel compilation was disabled, but you have multiple processors available. Enable parallel compilation to reduce compilation time.
+-------------------------------------+
; Parallel Compilation                ;
+----------------------------+--------+
; Processors                 ; Number ;
+----------------------------+--------+
; Number detected on machine ; 4      ;
; Maximum allowed            ; 1      ;
+----------------------------+--------+


+---------------------------------------------------------------------------------------------------------------------------------------------+
; Analysis & Synthesis Source Files Read                                                                                                      ;
+----------------------------------+-----------------+------------------------------+-----------------------------------------------+---------+
; File Name with User-Entered Path ; Used in Netlist ; File Type                    ; File Name with Absolute Path                  ; Library ;
+----------------------------------+-----------------+------------------------------+-----------------------------------------------+---------+
; SPI_mstr16.sv                    ; yes             ; User SystemVerilog HDL File  ; I:/ece551/exercise18_A2DMapping/SPI_mstr16.sv ;         ;
; rst_synch.sv                     ; yes             ; User SystemVerilog HDL File  ; I:/ece551/exercise18_A2DMapping/rst_synch.sv  ;         ;
; PB_release.sv                    ; yes             ; User SystemVerilog HDL File  ; I:/ece551/exercise18_A2DMapping/PB_release.sv ;         ;
; A2D_test.sv                      ; yes             ; User SystemVerilog HDL File  ; I:/ece551/exercise18_A2DMapping/A2D_test.sv   ;         ;
; A2D_intf.sv                      ; yes             ; User SystemVerilog HDL File  ; I:/ece551/exercise18_A2DMapping/A2D_intf.sv   ;         ;
+----------------------------------+-----------------+------------------------------+-----------------------------------------------+---------+


+---------------------------------------------------------+
; Analysis & Synthesis Resource Usage Summary             ;
+---------------------------------------------+-----------+
; Resource                                    ; Usage     ;
+---------------------------------------------+-----------+
; Estimated Total logic elements              ; 130       ;
;                                             ;           ;
; Total combinational functions               ; 102       ;
; Logic element usage by number of LUT inputs ;           ;
;     -- 4 input functions                    ; 32        ;
;     -- 3 input functions                    ; 16        ;
;     -- <=2 input functions                  ; 54        ;
;                                             ;           ;
; Logic elements by mode                      ;           ;
;     -- normal mode                          ; 77        ;
;     -- arithmetic mode                      ; 25        ;
;                                             ;           ;
; Total registers                             ; 89        ;
;     -- Dedicated logic registers            ; 89        ;
;     -- I/O registers                        ; 0         ;
;                                             ;           ;
; I/O pins                                    ; 15        ;
;                                             ;           ;
; Embedded Multiplier 9-bit elements          ; 0         ;
;                                             ;           ;
; Maximum fan-out node                        ; clk~input ;
; Maximum fan-out                             ; 89        ;
; Total fan-out                               ; 576       ;
; Average fan-out                             ; 2.61      ;
+---------------------------------------------+-----------+


+------------------------------------------------------------------------------------------------------------------------------------------------------------------------------------------------------------------------------+
; Analysis & Synthesis Resource Utilization by Entity                                                                                                                                                                          ;
+----------------------------------+-------------------+--------------+-------------+--------------+---------+-----------+------+--------------+--------------------------------------------------+-------------+--------------+
; Compilation Hierarchy Node       ; LC Combinationals ; LC Registers ; Memory Bits ; DSP Elements ; DSP 9x9 ; DSP 18x18 ; Pins ; Virtual Pins ; Full Hierarchy Name                              ; Entity Name ; Library Name ;
+----------------------------------+-------------------+--------------+-------------+--------------+---------+-----------+------+--------------+--------------------------------------------------+-------------+--------------+
; |A2D_test                        ; 102 (44)          ; 89 (21)      ; 0           ; 0            ; 0       ; 0         ; 15   ; 0            ; |A2D_test                                        ; A2D_test    ; work         ;
;    |A2D_intf:iDUT|               ; 56 (11)           ; 63 (30)      ; 0           ; 0            ; 0       ; 0         ; 0    ; 0            ; |A2D_test|A2D_intf:iDUT                          ; A2D_intf    ; work         ;
;       |SPI_mstr16:SPI_Interface| ; 45 (45)           ; 33 (33)      ; 0           ; 0            ; 0       ; 0         ; 0    ; 0            ; |A2D_test|A2D_intf:iDUT|SPI_mstr16:SPI_Interface ; SPI_mstr16  ; work         ;
;    |PB_release:iPB|              ; 2 (2)             ; 3 (3)        ; 0           ; 0            ; 0       ; 0         ; 0    ; 0            ; |A2D_test|PB_release:iPB                         ; PB_release  ; work         ;
;    |rst_synch:iRST|              ; 0 (0)             ; 2 (2)        ; 0           ; 0            ; 0       ; 0         ; 0    ; 0            ; |A2D_test|rst_synch:iRST                         ; rst_synch   ; work         ;
+----------------------------------+-------------------+--------------+-------------+--------------+---------+-----------+------+--------------+--------------------------------------------------+-------------+--------------+
Note: For table entries with two numbers listed, the numbers in parentheses indicate the number of resources of the given type used by the specific entity alone. The numbers listed outside of parentheses indicate the total resources of the given type used by the specific entity and all of its sub-entities in the hierarchy.


Encoding Type:  One-Hot
+-------------------------------------------------------------------+
; State Machine - |A2D_test|A2D_intf:iDUT|state                     ;
+-------------+-------------+------------+-------------+------------+
; Name        ; state.SPI_2 ; state.WAIT ; state.SPI_1 ; state.IDLE ;
+-------------+-------------+------------+-------------+------------+
; state.IDLE  ; 0           ; 0          ; 0           ; 0          ;
; state.SPI_1 ; 0           ; 0          ; 1           ; 1          ;
; state.WAIT  ; 0           ; 1          ; 0           ; 1          ;
; state.SPI_2 ; 1           ; 0          ; 0           ; 1          ;
+-------------+-------------+------------+-------------+------------+


Encoding Type:  One-Hot
+-------------------------------------------------------------------------------------+
; State Machine - |A2D_test|A2D_intf:iDUT|SPI_mstr16:SPI_Interface|state              ;
+-------------------+-------------+------------------+-------------------+------------+
; Name              ; state.FINAL ; state.SHIFT_WAIT ; state.SAMPLE_WAIT ; state.IDLE ;
+-------------------+-------------+------------------+-------------------+------------+
; state.IDLE        ; 0           ; 0                ; 0                 ; 0          ;
; state.SAMPLE_WAIT ; 0           ; 0                ; 1                 ; 1          ;
; state.SHIFT_WAIT  ; 0           ; 1                ; 0                 ; 1          ;
; state.FINAL       ; 1           ; 0                ; 0                 ; 1          ;
+-------------------+-------------+------------------+-------------------+------------+


+---------------------------------------------------------------------+
; Registers Removed During Synthesis                                  ;
+------------------------------------------------+--------------------+
; Register name                                  ; Reason for Removal ;
+------------------------------------------------+--------------------+
; A2D_intf:iDUT|state~4                          ; Lost fanout        ;
; A2D_intf:iDUT|state~5                          ; Lost fanout        ;
; A2D_intf:iDUT|SPI_mstr16:SPI_Interface|state~4 ; Lost fanout        ;
; A2D_intf:iDUT|SPI_mstr16:SPI_Interface|state~5 ; Lost fanout        ;
; Total Number of Removed Registers = 4          ;                    ;
+------------------------------------------------+--------------------+


+------------------------------------------------------+
; General Register Statistics                          ;
+----------------------------------------------+-------+
; Statistic                                    ; Value ;
+----------------------------------------------+-------+
; Total registers                              ; 89    ;
; Number of registers using Synchronous Clear  ; 5     ;
; Number of registers using Synchronous Load   ; 5     ;
; Number of registers using Asynchronous Clear ; 36    ;
; Number of registers using Asynchronous Load  ; 0     ;
; Number of registers using Clock Enable       ; 49    ;
; Number of registers using Preset             ; 0     ;
+----------------------------------------------+-------+


+-------------------------------------------------------+
; Inverted Register Statistics                          ;
+---------------------------------------------+---------+
; Inverted Register                           ; Fan out ;
+---------------------------------------------+---------+
; A2D_intf:iDUT|SPI_mstr16:SPI_Interface|SS_n ; 2       ;
; PB_release:iPB|pre3                         ; 1       ;
; PB_release:iPB|pre2                         ; 2       ;
; PB_release:iPB|pre1                         ; 1       ;
; Total number of inverted registers = 4      ;         ;
+---------------------------------------------+---------+


+-----------------------------------------------------------------------------------------------------------------------------------------------------------------------------+
; Multiplexer Restructuring Statistics (Restructuring Performed)                                                                                                              ;
+--------------------+-----------+---------------+----------------------+------------------------+------------+---------------------------------------------------------------+
; Multiplexer Inputs ; Bus Width ; Baseline Area ; Area if Restructured ; Saving if Restructured ; Registered ; Example Multiplexer Output                                    ;
+--------------------+-----------+---------------+----------------------+------------------------+------------+---------------------------------------------------------------+
; 3:1                ; 5 bits    ; 10 LEs        ; 5 LEs                ; 5 LEs                  ; Yes        ; |A2D_test|A2D_intf:iDUT|SPI_mstr16:SPI_Interface|shft_cnt[4]  ;
; 3:1                ; 2 bits    ; 4 LEs         ; 2 LEs                ; 2 LEs                  ; Yes        ; |A2D_test|A2D_intf:iDUT|SPI_mstr16:SPI_Interface|shft_reg[11] ;
; 3:1                ; 8 bits    ; 16 LEs        ; 16 LEs               ; 0 LEs                  ; No         ; |A2D_test|LED                                                 ;
+--------------------+-----------+---------------+----------------------+------------------------+------------+---------------------------------------------------------------+


+---------------------------------------------------------------------------------------------------------------------------+
; Port Connectivity Checks: "A2D_intf:iDUT|SPI_mstr16:SPI_Interface"                                                        ;
+-----------------+--------+----------+-------------------------------------------------------------------------------------+
; Port            ; Type   ; Severity ; Details                                                                             ;
+-----------------+--------+----------+-------------------------------------------------------------------------------------+
; rd_data[15..12] ; Output ; Info     ; Connected to dangling logic. Logic that only feeds a dangling port will be removed. ;
; cmd[15..14]     ; Input  ; Info     ; Stuck at GND                                                                        ;
; cmd[10..0]      ; Input  ; Info     ; Stuck at GND                                                                        ;
; cmd[12]         ; Input  ; Info     ; Stuck at GND                                                                        ;
+-----------------+--------+----------+-------------------------------------------------------------------------------------+


+-------------------------------------------------------------------------------------------------------------------------+
; Port Connectivity Checks: "A2D_intf:iDUT"                                                                               ;
+---------------+--------+----------+-------------------------------------------------------------------------------------+
; Port          ; Type   ; Severity ; Details                                                                             ;
+---------------+--------+----------+-------------------------------------------------------------------------------------+
; lft_ld[3..0]  ; Output ; Info     ; Connected to dangling logic. Logic that only feeds a dangling port will be removed. ;
; rght_ld[3..0] ; Output ; Info     ; Connected to dangling logic. Logic that only feeds a dangling port will be removed. ;
; batt[3..0]    ; Output ; Info     ; Connected to dangling logic. Logic that only feeds a dangling port will be removed. ;
+---------------+--------+----------+-------------------------------------------------------------------------------------+


+-----------------------------------------------------+
; Post-Synthesis Netlist Statistics for Top Partition ;
+-----------------------+-----------------------------+
; Type                  ; Count                       ;
+-----------------------+-----------------------------+
; boundary_port         ; 15                          ;
; cycloneiii_ff         ; 89                          ;
;     CLR               ; 34                          ;
;     ENA               ; 42                          ;
;     ENA CLR           ; 2                           ;
;     ENA SCLR          ; 5                           ;
;     SLD               ; 5                           ;
;     plain             ; 1                           ;
; cycloneiii_lcell_comb ; 103                         ;
;     arith             ; 25                          ;
;         2 data inputs ; 24                          ;
;         3 data inputs ; 1                           ;
;     normal            ; 78                          ;
;         0 data inputs ; 1                           ;
;         1 data inputs ; 6                           ;
;         2 data inputs ; 24                          ;
;         3 data inputs ; 15                          ;
;         4 data inputs ; 32                          ;
;                       ;                             ;
; Max LUT depth         ; 5.00                        ;
; Average LUT depth     ; 2.40                        ;
+-----------------------+-----------------------------+


+-------------------------------+
; Elapsed Time Per Partition    ;
+----------------+--------------+
; Partition Name ; Elapsed Time ;
+----------------+--------------+
; Top            ; 00:00:01     ;
+----------------+--------------+


+-------------------------------+
; Analysis & Synthesis Messages ;
+-------------------------------+
Info: *******************************************************************
Info: Running Quartus Prime Analysis & Synthesis
    Info: Version 16.0.0 Build 211 04/27/2016 SJ Lite Edition
    Info: Processing started: Wed Nov 14 11:04:33 2018
Info: Command: quartus_map --read_settings_files=on --write_settings_files=off A2D_test -c A2D_test
Warning (20028): Parallel compilation is not licensed and has been disabled
Info (12021): Found 1 design units, including 1 entities, in source file spi_mstr16.sv
    Info (12023): Found entity 1: SPI_mstr16 File: I:/ece551/exercise18_A2DMapping/SPI_mstr16.sv Line: 2
Info (12021): Found 1 design units, including 1 entities, in source file rst_synch.sv
    Info (12023): Found entity 1: rst_synch File: I:/ece551/exercise18_A2DMapping/rst_synch.sv Line: 1
Info (12021): Found 1 design units, including 1 entities, in source file pb_release.sv
    Info (12023): Found entity 1: PB_release File: I:/ece551/exercise18_A2DMapping/PB_release.sv Line: 4
Info (12021): Found 1 design units, including 1 entities, in source file a2d_test.sv
    Info (12023): Found entity 1: A2D_test File: I:/ece551/exercise18_A2DMapping/A2D_test.sv Line: 1
Info (12021): Found 1 design units, including 1 entities, in source file a2d_intf.sv
    Info (12023): Found entity 1: A2D_intf File: I:/ece551/exercise18_A2DMapping/A2D_intf.sv Line: 3
Info (12127): Elaborating entity "A2D_test" for the top level hierarchy
Warning (10230): Verilog HDL assignment warning at A2D_test.sv(34): truncated value with size 32 to match size of target (19) File: I:/ece551/exercise18_A2DMapping/A2D_test.sv Line: 34
Warning (10230): Verilog HDL assignment warning at A2D_test.sv(50): truncated value with size 32 to match size of target (2) File: I:/ece551/exercise18_A2DMapping/A2D_test.sv Line: 50
Info (12128): Elaborating entity "A2D_intf" for hierarchy "A2D_intf:iDUT" File: I:/ece551/exercise18_A2DMapping/A2D_test.sv Line: 65
Warning (10230): Verilog HDL assignment warning at A2D_intf.sv(68): truncated value with size 32 to match size of target (2) File: I:/ece551/exercise18_A2DMapping/A2D_intf.sv Line: 68
Info (12128): Elaborating entity "SPI_mstr16" for hierarchy "A2D_intf:iDUT|SPI_mstr16:SPI_Interface" File: I:/ece551/exercise18_A2DMapping/A2D_intf.sv Line: 48
Warning (10230): Verilog HDL assignment warning at SPI_mstr16.sv(70): truncated value with size 32 to match size of target (5) File: I:/ece551/exercise18_A2DMapping/SPI_mstr16.sv Line: 70
Warning (10230): Verilog HDL assignment warning at SPI_mstr16.sv(77): truncated value with size 32 to match size of target (5) File: I:/ece551/exercise18_A2DMapping/SPI_mstr16.sv Line: 77
Info (12128): Elaborating entity "PB_release" for hierarchy "PB_release:iPB" File: I:/ece551/exercise18_A2DMapping/A2D_test.sv Line: 70
Info (12128): Elaborating entity "rst_synch" for hierarchy "rst_synch:iRST" File: I:/ece551/exercise18_A2DMapping/A2D_test.sv Line: 75
Info (13000): Registers with preset signals will power-up high File: I:/ece551/exercise18_A2DMapping/SPI_mstr16.sv Line: 28
Info (13003): DEV_CLRn pin will set, and not reset, register with preset signal due to NOT Gate Push-Back
Info (286030): Timing-Driven Synthesis is running
Info (17049): 4 registers lost all their fanouts during netlist optimizations.
Info (144001): Generated suppressed messages file I:/ece551/exercise18_A2DMapping/A2D_test.map.smsg
Info (16010): Generating hard_block partition "hard_block:auto_generated_inst"
    Info (16011): Adding 0 node(s), including 0 DDIO, 0 PLL, 0 transceiver and 0 LCELL
Info (21057): Implemented 145 device resources after synthesis - the final resource count might be different
    Info (21058): Implemented 4 input pins
    Info (21059): Implemented 11 output pins
    Info (21061): Implemented 130 logic cells
Info: Quartus Prime Analysis & Synthesis was successful. 0 errors, 6 warnings
    Info: Peak virtual memory: 5024 megabytes
    Info: Processing ended: Wed Nov 14 11:04:54 2018
    Info: Elapsed time: 00:00:21
    Info: Total CPU time (on all processors): 00:00:28


+------------------------------------------+
; Analysis & Synthesis Suppressed Messages ;
+------------------------------------------+
The suppressed messages can be found in I:/ece551/exercise18_A2DMapping/A2D_test.map.smsg.


